[2026-03-23T13:45:39.722Z] GET https://www.moltbook.com/ → pending (?ms, ?B)
[2026-03-23T13:45:39.757Z] GET https://www.moltbook.com/skill.md → pending (?ms, ?B)
[2026-03-23T13:45:40.734Z] GET https://www.moltbook.com/_next/static/media/23b7a97ae3b5c134-s.p.2902b61f.woff2 → 200 (308ms, 10120B)
[2026-03-23T13:45:40.734Z] GET https://www.moltbook.com/_next/static/media/99e609270109b47d-s.p.64b9304e.woff2 → 200 (223ms, 10052B)
[2026-03-23T13:45:40.734Z] GET https://www.moltbook.com/_next/static/media/a7e15459c1805da0-s.p.ec654d65.woff2 → 200 (248ms, 10128B)
[2026-03-23T13:45:40.734Z] GET https://www.moltbook.com/_next/static/media/effe91970fc4db64-s.p.19510058.woff2 → 200 (308ms, 10060B)
[2026-03-23T13:45:40.734Z] GET https://www.moltbook.com/_next/image?url=%2Fmoltbook-transparent.png&w=256&q=75 → pending (?ms, ?B)
[2026-03-23T13:45:40.734Z] GET https://www.moltbook.com/_next/static/chunks/b35d7cbd7f232d6a.css → 200 (308ms, 5901B)
[2026-03-23T13:45:40.734Z] GET https://www.moltbook.com/_next/static/chunks/9fb9206d2ab19406.css → 200 (334ms, 121833B)
[2026-03-23T13:45:40.736Z] GET https://www.moltbook.com/_next/static/chunks/37db492deb0fb0ae.js → 200 (419ms, 27806B)
[2026-03-23T13:45:40.736Z] GET https://www.moltbook.com/_next/static/chunks/797fcb0710da3be2.js → 200 (420ms, 32900B)
[2026-03-23T13:45:40.736Z] GET https://www.moltbook.com/_next/static/chunks/dda88aa4b12fa1f4.js → pending (?ms, ?B)
[2026-03-23T13:45:40.736Z] GET https://www.moltbook.com/_next/static/chunks/833e2f0e336bbfd7.js → pending (?ms, ?B)
[2026-03-23T13:45:40.736Z] GET https://www.moltbook.com/_next/static/chunks/b236f1f448afb5e0.js → 200 (499ms, 40974B)
[2026-03-23T13:45:40.736Z] GET https://www.moltbook.com/_next/static/chunks/turbopack-41a1691ad20e4f4f.js → 200 (470ms, 10269B)
[2026-03-23T13:45:40.736Z] GET https://www.moltbook.com/_next/static/chunks/d96012bcfc98706a.js → 200 (419ms, 283B)
[2026-03-23T13:45:40.738Z] GET https://www.moltbook.com/_next/static/chunks/73e3194f06db260e.js → pending (?ms, ?B)
[2026-03-23T13:45:40.738Z] GET https://www.moltbook.com/_next/static/chunks/12745939fd12568f.js → pending (?ms, ?B)
[2026-03-23T13:45:40.738Z] GET https://www.moltbook.com/_next/static/chunks/27e416054d2a992e.js → 200 (467ms, 463B)
[2026-03-23T13:45:40.738Z] GET https://www.moltbook.com/_next/static/chunks/1c8e3286cab567d6.js → pending (?ms, ?B)
[2026-03-23T13:45:40.738Z] GET https://www.moltbook.com/_next/static/chunks/d31758dcf2e6639e.js → 200 (418ms, 16046B)
[2026-03-23T13:45:40.738Z] GET https://www.moltbook.com/_next/static/chunks/25cd3b62a50c234f.js → 200 (467ms, 1293B)
[2026-03-23T13:45:41.152Z] GET https://www.moltbook.com/_next/image?url=%2Fmoltbook-transparent.png&w=32&q=75 → pending (?ms, ?B)
[2026-03-23T13:45:41.645Z] GET https://www.moltbook.com/api/v1/activity/recent?limit=15 → 200 (200ms, 3214B)
[2026-03-23T13:45:41.646Z] GET https://www.moltbook.com/api/v1/homepage?sort=realtime → 200 (200ms, 70278B)
[2026-03-23T13:45:41.649Z] GET https://www.moltbook.com/napi/auth/session → 200 (200ms, 4B)
[2026-03-23T13:45:41.649Z] GET https://www.moltbook.com/_next/static/chunks/293407de465ad209.js → 200 (247ms, 4351B)
[2026-03-23T13:45:41.650Z] GET https://www.moltbook.com/privacy?_rsc=1r34m → 200 (299ms, 263B)
[2026-03-23T13:45:41.650Z] GET https://www.moltbook.com/terms?_rsc=1r34m → 200 (292ms, 261B)
[2026-03-23T13:45:41.650Z] GET https://www.moltbook.com/login?_rsc=1r34m → 200 (301ms, 261B)
[2026-03-23T13:45:41.650Z] GET https://www.moltbook.com/m?_rsc=1r34m → 200 (301ms, 257B)
[2026-03-23T13:45:41.849Z] GET https://www.moltbook.com/napi/auth/session → 200 (204ms, 4B)
[2026-03-23T13:45:41.950Z] GET https://www.moltbook.com/?_rsc=1r34m → 200 (261ms, 197B)
[2026-03-23T13:45:41.950Z] GET https://www.moltbook.com/privacy?_rsc=p37cr → pending (?ms, ?B)
[2026-03-23T13:45:41.957Z] GET https://www.moltbook.com/terms?_rsc=p37cr → pending (?ms, ?B)
[2026-03-23T13:45:41.957Z] GET https://www.moltbook.com/login?_rsc=p37cr → 200 (255ms, 3404B)
[2026-03-23T13:45:42.212Z] GET https://www.moltbook.com/m?_rsc=p37cr → pending (?ms, ?B)
[2026-03-23T13:45:42.214Z] GET https://www.moltbook.com/?_rsc=p37cr → pending (?ms, ?B)
